---
source: src/models/tse.rs
expression: parsed.as_tse()
---
	2.8	50mm	Balade dans Paris	2025 04 10 14 00 00	48.86467241, 2.32135534
	1.8	50mm	Balade dans Paris	2025 04 10 14 00 00	48.86467241, 2.32135534
		50mm	Balade dans Paris	2025 04 10 14 00 00	48.86351491, 2.31966019
		50mm	Balade dans Paris	2025 04 10 14 00 00	48.84697524, 2.33650446
		85mm	Balade dans Paris	2025 04 10 14 00 00	48.84697524, 2.33650446
		85mm	Balade dans Paris	2025 04 10 14 00 00	48.84697524, 2.33650446
		85mm	Balade dans Paris	2025 04 10 14 00 00	48.84697524, 2.33650446
		85mm	Balade dans Paris	2025 04 10 14 00 00	48.8472506, 2.34434724
		50mm	Balade dans Paris	2025 04 10 14 00 00	48.8472506, 2.34434724
		85mm	Balade dans Paris	2025 04 10 14 00 00	48.85359036, 2.34680414
		50mm	Tourisme	2025 04 15 16 00 00	48.86167979, 2.29603529
		50mm	Tourisme	2025 04 15 16 00 00	48.86167979, 2.29603529
		50mm	Tourisme	2025 04 15 16 00 00	48.86167979, 2.29603529
		50mm	Tourisme	2025 04 15 16 00 00	48.86167979, 2.29603529
		20mm	Ile de la cité	2025 04 17 18 00 00	48.85519988, 2.34651446
		20mm	Ile de la cité	2025 04 17 18 00 00	48.85519988, 2.34651446
		85mm	Balade	2025 04 18 17 00 00	48.87177211, 2.36459255
		85mm	Balade	2025 04 18 17 00 00	48.87177211, 2.36459255
		85mm	Balade	2025 04 18 17 00 00	48.87177211, 2.36459255
		85mm	Balade	2025 04 18 17 00 00	48.87177211, 2.36459255
			Scenes	2025 04 20 16 00 00	48.88082524, 2.36210346
		50mm	Scenes	2025 04 21 18 00 00	48.85385155, 2.36964583
		50mm	Hasard ludique	2025 04 26 17 00 00	48.89575261, 2.32966483
		50mm	Hasard ludique	2025 04 26 17 00 00	48.89575261, 2.32966483
		50mm	Hasard ludique	2025 04 26 17 00 00	48.89575261, 2.32966483
		50mm	Hasard ludique	2025 04 26 17 00 00	48.89575261, 2.32966483
		50mm	Hasard ludique	2025 04 26 17 00 00	48.89575261, 2.32966483
		50mm	Hasard ludique	2025 04 26 17 00 00	48.89575261, 2.32966483
		50mm	Hasard ludique	2025 04 26 17 00 00	48.89575261, 2.32966483
		50mm	Hasard ludique	2025 04 26 17 00 00	48.89575261, 2.32966483
		50mm	Hasard ludique	2025 04 26 17 00 00	48.89575261, 2.32966483
		50mm	Hasard ludique	2025 04 26 17 00 00	48.89575261, 2.32966483
		50mm	Hasard ludique	2025 04 26 17 00 00	48.89575261, 2.32966483
		50mm	Hasard ludique	2025 04 26 17 00 00	48.89575261, 2.32966483
		50mm	Hasard ludique	2025 04 26 17 00 00	48.89575261, 2.32966483
		50mm	Hasard ludique	2025 04 26 17 00 00	48.89575261, 2.32966483
		50mm	Hasard ludique	2025 04 26 17 00 00	48.89575261, 2.32966483
		50mm	Repu	2025 04 27 17 00 00	48.86817299, 2.36290812
#Description Kodak Portra
#ImageDescription Kodak Portra
#Artist Jean-Baptiste Skutnik
#Author Jean-Baptiste Skutnik
#ISO 160
#Make Nikon
#Model F3
; vim: set list number noexpandtab:
